<html>
<body>
<pre>
<h1>µVision Build Log</h1>
<h2>Tool Versions:</h2>
IDE-Version: µVision V5.26.2.0
Copyright (C) 2018 ARM Ltd and ARM Germany GmbH. All rights reserved.
License Information: aganya dejen, da, LIC=----
 
Tool Versions:
Toolchain:       MDK-Lite  Version: 5.26.2.0
Toolchain Path:  C:\Keil_v5\ARM\ARMCC\Bin
C Compiler:      Armcc.exe V5.06 update 6 (build 750)
Assembler:       Armasm.exe V5.06 update 6 (build 750)
Linker/Locator:  ArmLink.exe V5.06 update 6 (build 750)
Library Manager: ArmAr.exe V5.06 update 6 (build 750)
Hex Converter:   FromElf.exe V5.06 update 6 (build 750)
CPU DLL:         SARMCM3.DLL V5.26.2.0
Dialog DLL:      DARMCM1.DLL V1.19.1.0
Target DLL:      STLink\ST-LINKIII-KEIL_SWO.dll V3.0.5.0
Dialog DLL:      TARMCM1.DLL V1.14.0.0
 
<h2>Project:</h2>
C:\Users\USER\Desktop\AganyaDejen\st\test180131.uvprojx
Project File Date:  02/23/2019

<h2>Output:</h2>
*** Using Compiler 'V5.06 update 6 (build 750)', folder: 'C:\Keil_v5\ARM\ARMCC\Bin'
Rebuild target 'Target 1'
assembling startup_stm32f072.s...
compiling system_stm32f0xx.c...
compiling main.c...
main.c(19): warning:  #940-D: missing return statement at end of non-void function "GetGPIOPort" 
  }
main.c(41): warning:  #940-D: missing return statement at end of non-void function "GetGPIOPpin" 
  }
main.c(102): warning:  #188-D: enumerated type mixed with another type
  	GPIO_WriteBit(gpio_port,gpio_pin,1);
main.c(107): warning:  #188-D: enumerated type mixed with another type
  	GPIO_WriteBit(gpio_port,gpio_pin,0);
main.c(112): warning:  #188-D: enumerated type mixed with another type
  	GPIO_WriteBit(gpio_port,gpio_pin,0);
main.c(117): warning:  #188-D: enumerated type mixed with another type
  	GPIO_WriteBit(gpio_port,gpio_pin,0);
main.c(122): warning:  #188-D: enumerated type mixed with another type
  	GPIO_WriteBit(gpio_port,gpio_pin,1);
main.c(173): warning:  #767-D: conversion from pointer to smaller integer
  		uint16_t send = (uint16_t)"Aganya";
main.c(173): warning:  #69-D: integer conversion resulted in truncation
  		uint16_t send = (uint16_t)"Aganya";
main.c(172): warning:  #177-D: variable "recive"  was declared but never referenced
  		uint16_t recive = 0;
main.c(173): warning:  #177-D: variable "send"  was declared but never referenced
  		uint16_t send = (uint16_t)"Aganya";
main.c: 11 warnings, 0 errors
compiling stm32f0xx_gpio.c...
compiling stm32f0xx_rcc.c...
compiling stm32f0xx_usart.c...
linking...
Program Size: Code=3276 RO-data=224 RW-data=16 ZI-data=1632  
".\Objects\test180131.axf" - 0 Error(s), 11 Warning(s).

<h2>Software Packages used:</h2>

Package Vendor: Keil
                http://www.keil.com/pack/Keil.STM32F0xx_DFP.2.0.0.pack
                Keil.STM32F0xx_DFP.2.0.0
                STMicroelectronics STM32F0 Series Device Support, Drivers and Examples

<h2>Collection of Component include folders:</h2>
  .\RTE\_Target_1
  C:\Keil_v5\ARM\PACK\Keil\STM32F0xx_DFP\2.0.0\Drivers\CMSIS\Device\ST\STM32F0xx\Include

<h2>Collection of Component Files used:</h2>
Build Time Elapsed:  00:00:03
</pre>
</body>
</html>
